V3 25
FL /home/boza/4IR/Archi/Procesor/memory.vhd 2018/05/04.17:44:44 O.87xd
EN work/memory 1525448693 FL /home/boza/4IR/Archi/Procesor/memory.vhd \
      PB ieee/std_logic_1164 1325952872 PB ieee/NUMERIC_STD 1325952877
AR work/memory/Behavioral 1525448694 \
      FL /home/boza/4IR/Archi/Procesor/memory.vhd EN work/memory 1525448693
FL /home/boza/4IR/Archi/Procesor/PC.vhd 2018/06/06.12:20:13 O.87xd
EN work/PC 0 FL /home/boza/4IR/Archi/Procesor/PC.vhd PB ieee/std_logic_1164 1325952872 \
      PB ieee/NUMERIC_STD 1325952877
AR work/PC/Behavioral 0 \
      FL /home/boza/4IR/Archi/Procesor/PC.vhd EN work/PC 0 CP UCP CP memory
FL /home/boza/4IR/Archi/Procesor/pipe_line.vhd 2018/05/03.12:18:29 O.87xd
EN work/pipe_line 0 FL /home/boza/4IR/Archi/Procesor/pipe_line.vhd \
      PB ieee/std_logic_1164 1325952872
AR work/pipe_line/Behavioral 0 \
      FL /home/boza/4IR/Archi/Procesor/pipe_line.vhd EN work/pipe_line 0
FL /home/boza/4IR/Archi/Procesor/Ram_16.vhd 2018/05/04.17:24:30 O.87xd
EN work/Reg_16 1525448691 FL /home/boza/4IR/Archi/Procesor/Ram_16.vhd \
      PB ieee/std_logic_1164 1325952872
AR work/Reg_16/Behavioral 1525448692 \
      FL /home/boza/4IR/Archi/Procesor/Ram_16.vhd EN work/Reg_16 1525448691
FL /home/boza/4IR/Archi/Procesor/sizes.vhd 2018/05/04.17:01:59 O.87xd
PH work/sizes 1525448689 FL /home/boza/4IR/Archi/Procesor/sizes.vhd \
      PB ieee/std_logic_1164 1325952872 PB ieee/STD_LOGIC_UNSIGNED 1325952875 \
      PB ieee/NUMERIC_STD 1325952877
PB work/sizes 1525448690 \
      FL /home/boza/4IR/Archi/Procesor/sizes.vhd PH work/sizes 1525448689
FL /home/boza/4IR/Archi/Procesor/UAL.vhd 2018/06/04.10:22:32 O.87xd
EN work/UAL 1528465875 FL /home/boza/4IR/Archi/Procesor/UAL.vhd \
      PB ieee/std_logic_1164 1325952872 PB ieee/STD_LOGIC_UNSIGNED 1325952875 \
      PB ieee/NUMERIC_STD 1325952877
AR work/UAL/Behavioral 1528465876 \
      FL /home/boza/4IR/Archi/Procesor/UAL.vhd EN work/UAL 1528465875
FL /home/boza/4IR/Archi/Procesor/UCP.vhd 2018/05/04.12:43:09 O.87xd
EN work/UCP 1525430599 FL /home/boza/4IR/Archi/Procesor/UCP.vhd \
      PB ieee/std_logic_1164 1325952872 PB ieee/NUMERIC_STD 1325952877 \
      PB ieee/STD_LOGIC_TEXTIO 1325952876
AR work/UCP/Behavioral 1525430600 \
      FL /home/boza/4IR/Archi/Procesor/UCP.vhd EN work/UCP 1525430599 CP bram32 \
      CP UAL
